Archive member included to satisfy reference by file (symbol)

c:/st/stm32cubeide_1.4.0/stm32cubeide/plugins/com.st.stm32cube.ide.mcu.externaltools.gnu-tools-for-stm32.7-2018-q2-update.win32_1.4.0.202007081208/tools/bin/../lib/gcc/arm-none-eabi/7.3.1/../../../../arm-none-eabi/lib/thumb/v6-m\libc_nano.a(lib_a-errno.o)
                              Core/Src/syscalls.o (__errno)
c:/st/stm32cubeide_1.4.0/stm32cubeide/plugins/com.st.stm32cube.ide.mcu.externaltools.gnu-tools-for-stm32.7-2018-q2-update.win32_1.4.0.202007081208/tools/bin/../lib/gcc/arm-none-eabi/7.3.1/../../../../arm-none-eabi/lib/thumb/v6-m\libc_nano.a(lib_a-exit.o)
                              c:/st/stm32cubeide_1.4.0/stm32cubeide/plugins/com.st.stm32cube.ide.mcu.externaltools.gnu-tools-for-stm32.7-2018-q2-update.win32_1.4.0.202007081208/tools/bin/../lib/gcc/arm-none-eabi/7.3.1/../../../../arm-none-eabi/lib/thumb/v6-m/crt0.o (exit)
c:/st/stm32cubeide_1.4.0/stm32cubeide/plugins/com.st.stm32cube.ide.mcu.externaltools.gnu-tools-for-stm32.7-2018-q2-update.win32_1.4.0.202007081208/tools/bin/../lib/gcc/arm-none-eabi/7.3.1/../../../../arm-none-eabi/lib/thumb/v6-m\libc_nano.a(lib_a-impure.o)
                              c:/st/stm32cubeide_1.4.0/stm32cubeide/plugins/com.st.stm32cube.ide.mcu.externaltools.gnu-tools-for-stm32.7-2018-q2-update.win32_1.4.0.202007081208/tools/bin/../lib/gcc/arm-none-eabi/7.3.1/../../../../arm-none-eabi/lib/thumb/v6-m\libc_nano.a(lib_a-exit.o) (_global_impure_ptr)
c:/st/stm32cubeide_1.4.0/stm32cubeide/plugins/com.st.stm32cube.ide.mcu.externaltools.gnu-tools-for-stm32.7-2018-q2-update.win32_1.4.0.202007081208/tools/bin/../lib/gcc/arm-none-eabi/7.3.1/../../../../arm-none-eabi/lib/thumb/v6-m\libc_nano.a(lib_a-init.o)
                              c:/st/stm32cubeide_1.4.0/stm32cubeide/plugins/com.st.stm32cube.ide.mcu.externaltools.gnu-tools-for-stm32.7-2018-q2-update.win32_1.4.0.202007081208/tools/bin/../lib/gcc/arm-none-eabi/7.3.1/../../../../arm-none-eabi/lib/thumb/v6-m/crt0.o (__libc_init_array)
c:/st/stm32cubeide_1.4.0/stm32cubeide/plugins/com.st.stm32cube.ide.mcu.externaltools.gnu-tools-for-stm32.7-2018-q2-update.win32_1.4.0.202007081208/tools/bin/../lib/gcc/arm-none-eabi/7.3.1/../../../../arm-none-eabi/lib/thumb/v6-m\libc_nano.a(lib_a-memset.o)
                              c:/st/stm32cubeide_1.4.0/stm32cubeide/plugins/com.st.stm32cube.ide.mcu.externaltools.gnu-tools-for-stm32.7-2018-q2-update.win32_1.4.0.202007081208/tools/bin/../lib/gcc/arm-none-eabi/7.3.1/../../../../arm-none-eabi/lib/thumb/v6-m/crt0.o (memset)
c:/st/stm32cubeide_1.4.0/stm32cubeide/plugins/com.st.stm32cube.ide.mcu.externaltools.gnu-tools-for-stm32.7-2018-q2-update.win32_1.4.0.202007081208/tools/bin/../lib/gcc/arm-none-eabi/7.3.1/thumb/v6-m\libgcc.a(_udivsi3.o)
                              Core/Src/main.o (__aeabi_uidiv)
c:/st/stm32cubeide_1.4.0/stm32cubeide/plugins/com.st.stm32cube.ide.mcu.externaltools.gnu-tools-for-stm32.7-2018-q2-update.win32_1.4.0.202007081208/tools/bin/../lib/gcc/arm-none-eabi/7.3.1/thumb/v6-m\libgcc.a(_dvmd_tls.o)
                              c:/st/stm32cubeide_1.4.0/stm32cubeide/plugins/com.st.stm32cube.ide.mcu.externaltools.gnu-tools-for-stm32.7-2018-q2-update.win32_1.4.0.202007081208/tools/bin/../lib/gcc/arm-none-eabi/7.3.1/thumb/v6-m\libgcc.a(_udivsi3.o) (__aeabi_idiv0)

Allocating common symbols
Common symbol       size              file

hUsbDeviceFS        0x2c4             USB_DEVICE/App/usb_device.o
uwTick              0x4               Drivers/STM32F0xx_HAL_Driver/Src/stm32f0xx_hal.o
pFlash              0x20              Drivers/STM32F0xx_HAL_Driver/Src/stm32f0xx_hal_flash.o
hpcd_USB_FS         0x274             USB_DEVICE/Target/usbd_conf.o
USBD_StrDesc        0x200             USB_DEVICE/App/usbd_desc.o
htsc                0x44              Core/Src/main.o

Discarded input sections

 .text          0x0000000000000000        0x0 c:/st/stm32cubeide_1.4.0/stm32cubeide/plugins/com.st.stm32cube.ide.mcu.externaltools.gnu-tools-for-stm32.7-2018-q2-update.win32_1.4.0.202007081208/tools/bin/../lib/gcc/arm-none-eabi/7.3.1/thumb/v6-m/crti.o
 .data          0x0000000000000000        0x0 c:/st/stm32cubeide_1.4.0/stm32cubeide/plugins/com.st.stm32cube.ide.mcu.externaltools.gnu-tools-for-stm32.7-2018-q2-update.win32_1.4.0.202007081208/tools/bin/../lib/gcc/arm-none-eabi/7.3.1/thumb/v6-m/crti.o
 .bss           0x0000000000000000        0x0 c:/st/stm32cubeide_1.4.0/stm32cubeide/plugins/com.st.stm32cube.ide.mcu.externaltools.gnu-tools-for-stm32.7-2018-q2-update.win32_1.4.0.202007081208/tools/bin/../lib/gcc/arm-none-eabi/7.3.1/thumb/v6-m/crti.o
 .data          0x0000000000000000        0x4 c:/st/stm32cubeide_1.4.0/stm32cubeide/plugins/com.st.stm32cube.ide.mcu.externaltools.gnu-tools-for-stm32.7-2018-q2-update.win32_1.4.0.202007081208/tools/bin/../lib/gcc/arm-none-eabi/7.3.1/thumb/v6-m/crtbegin.o
[...]
Memory Configuration

Name             Origin             Length             Attributes
RAM              0x0000000020000000 0x0000000000001800 xrw
FLASH            0x0000000008000000 0x0000000000008000 xr
*default*        0x0000000000000000 0xffffffffffffffff

Linker script and memory map

LOAD c:/st/stm32cubeide_1.4.0/stm32cubeide/plugins/com.st.stm32cube.ide.mcu.externaltools.gnu-tools-for-stm32.7-2018-q2-update.win32_1.4.0.202007081208/tools/bin/../lib/gcc/arm-none-eabi/7.3.1/thumb/v6-m/crti.o
LOAD c:/st/stm32cubeide_1.4.0/stm32cubeide/plugins/com.st.stm32cube.ide.mcu.externaltools.gnu-tools-for-stm32.7-2018-q2-update.win32_1.4.0.202007081208/tools/bin/../lib/gcc/arm-none-eabi/7.3.1/thumb/v6-m/crtbegin.o
LOAD c:/st/stm32cubeide_1.4.0/stm32cubeide/plugins/com.st.stm32cube.ide.mcu.externaltools.gnu-tools-for-stm32.7-2018-q2-update.win32_1.4.0.202007081208/tools/bin/../lib/gcc/arm-none-eabi/7.3.1/../../../../arm-none-eabi/lib/thumb/v6-m/crt0.o
LOAD Core/Src/main.o
LOAD Core/Src/stm32f0xx_hal_msp.o
LOAD Core/Src/stm32f0xx_it.o
LOAD Core/Src/syscalls.o
LOAD Core/Src/sysmem.o
LOAD Core/Src/system_stm32f0xx.o
LOAD Core/Startup/startup_stm32f042f6px.o
LOAD Drivers/STM32F0xx_HAL_Driver/Src/stm32f0xx_hal.o
LOAD Drivers/STM32F0xx_HAL_Driver/Src/stm32f0xx_hal_cortex.o
LOAD Drivers/STM32F0xx_HAL_Driver/Src/stm32f0xx_hal_dma.o
LOAD Drivers/STM32F0xx_HAL_Driver/Src/stm32f0xx_hal_exti.o
LOAD Drivers/STM32F0xx_HAL_Driver/Src/stm32f0xx_hal_flash.o
LOAD Drivers/STM32F0xx_HAL_Driver/Src/stm32f0xx_hal_flash_ex.o
LOAD Drivers/STM32F0xx_HAL_Driver/Src/stm32f0xx_hal_gpio.o
LOAD Drivers/STM32F0xx_HAL_Driver/Src/stm32f0xx_hal_i2c.o
LOAD Drivers/STM32F0xx_HAL_Driver/Src/stm32f0xx_hal_i2c_ex.o
LOAD Drivers/STM32F0xx_HAL_Driver/Src/stm32f0xx_hal_pcd.o
LOAD Drivers/STM32F0xx_HAL_Driver/Src/stm32f0xx_hal_pcd_ex.o
LOAD Drivers/STM32F0xx_HAL_Driver/Src/stm32f0xx_hal_pwr.o
LOAD Drivers/STM32F0xx_HAL_Driver/Src/stm32f0xx_hal_pwr_ex.o
LOAD Drivers/STM32F0xx_HAL_Driver/Src/stm32f0xx_hal_rcc.o
LOAD Drivers/STM32F0xx_HAL_Driver/Src/stm32f0xx_hal_rcc_ex.o
LOAD Drivers/STM32F0xx_HAL_Driver/Src/stm32f0xx_hal_tim.o
LOAD Drivers/STM32F0xx_HAL_Driver/Src/stm32f0xx_hal_tim_ex.o
LOAD Drivers/STM32F0xx_HAL_Driver/Src/stm32f0xx_hal_tsc.o
LOAD Drivers/STM32F0xx_HAL_Driver/Src/stm32f0xx_ll_usb.o
LOAD Middlewares/ST/STM32_USB_Device_Library/Class/HID/Src/usbd_hid.o
LOAD Middlewares/ST/STM32_USB_Device_Library/Core/Src/usbd_core.o
LOAD Middlewares/ST/STM32_USB_Device_Library/Core/Src/usbd_ctlreq.o
LOAD Middlewares/ST/STM32_USB_Device_Library/Core/Src/usbd_ioreq.o
LOAD USB_DEVICE/App/usb_device.o
LOAD USB_DEVICE/App/usbd_desc.o
LOAD USB_DEVICE/Target/usbd_conf.o
START GROUP
LOAD c:/st/stm32cubeide_1.4.0/stm32cubeide/plugins/com.st.stm32cube.ide.mcu.externaltools.gnu-tools-for-stm32.7-2018-q2-update.win32_1.4.0.202007081208/tools/bin/../lib/gcc/arm-none-eabi/7.3.1/../../../../arm-none-eabi/lib/thumb/v6-m\libc_nano.a
LOAD c:/st/stm32cubeide_1.4.0/stm32cubeide/plugins/com.st.stm32cube.ide.mcu.externaltools.gnu-tools-for-stm32.7-2018-q2-update.win32_1.4.0.202007081208/tools/bin/../lib/gcc/arm-none-eabi/7.3.1/../../../../arm-none-eabi/lib/thumb/v6-m\libm.a
END GROUP
START GROUP
LOAD c:/st/stm32cubeide_1.4.0/stm32cubeide/plugins/com.st.stm32cube.ide.mcu.externaltools.gnu-tools-for-stm32.7-2018-q2-update.win32_1.4.0.202007081208/tools/bin/../lib/gcc/arm-none-eabi/7.3.1/thumb/v6-m\libgcc.a
LOAD c:/st/stm32cubeide_1.4.0/stm32cubeide/plugins/com.st.stm32cube.ide.mcu.externaltools.gnu-tools-for-stm32.7-2018-q2-update.win32_1.4.0.202007081208/tools/bin/../lib/gcc/arm-none-eabi/7.3.1/../../../../arm-none-eabi/lib/thumb/v6-m\libc_nano.a
END GROUP
START GROUP
LOAD c:/st/stm32cubeide_1.4.0/stm32cubeide/plugins/com.st.stm32cube.ide.mcu.externaltools.gnu-tools-for-stm32.7-2018-q2-update.win32_1.4.0.202007081208/tools/bin/../lib/gcc/arm-none-eabi/7.3.1/thumb/v6-m\libgcc.a
LOAD c:/st/stm32cubeide_1.4.0/stm32cubeide/plugins/com.st.stm32cube.ide.mcu.externaltools.gnu-tools-for-stm32.7-2018-q2-update.win32_1.4.0.202007081208/tools/bin/../lib/gcc/arm-none-eabi/7.3.1/../../../../arm-none-eabi/lib/thumb/v6-m\libc_nano.a
LOAD c:/st/stm32cubeide_1.4.0/stm32cubeide/plugins/com.st.stm32cube.ide.mcu.externaltools.gnu-tools-for-stm32.7-2018-q2-update.win32_1.4.0.202007081208/tools/bin/../lib/gcc/arm-none-eabi/7.3.1/../../../../arm-none-eabi/lib/thumb/v6-m\libnosys.a
END GROUP
START GROUP
LOAD c:/st/stm32cubeide_1.4.0/stm32cubeide/plugins/com.st.stm32cube.ide.mcu.externaltools.gnu-tools-for-stm32.7-2018-q2-update.win32_1.4.0.202007081208/tools/bin/../lib/gcc/arm-none-eabi/7.3.1/thumb/v6-m\libgcc.a
LOAD c:/st/stm32cubeide_1.4.0/stm32cubeide/plugins/com.st.stm32cube.ide.mcu.externaltools.gnu-tools-for-stm32.7-2018-q2-update.win32_1.4.0.202007081208/tools/bin/../lib/gcc/arm-none-eabi/7.3.1/../../../../arm-none-eabi/lib/thumb/v6-m\libc_nano.a
LOAD c:/st/stm32cubeide_1.4.0/stm32cubeide/plugins/com.st.stm32cube.ide.mcu.externaltools.gnu-tools-for-stm32.7-2018-q2-update.win32_1.4.0.202007081208/tools/bin/../lib/gcc/arm-none-eabi/7.3.1/../../../../arm-none-eabi/lib/thumb/v6-m\libnosys.a
END GROUP
LOAD c:/st/stm32cubeide_1.4.0/stm32cubeide/plugins/com.st.stm32cube.ide.mcu.externaltools.gnu-tools-for-stm32.7-2018-q2-update.win32_1.4.0.202007081208/tools/bin/../lib/gcc/arm-none-eabi/7.3.1/thumb/v6-m/crtend.o
LOAD c:/st/stm32cubeide_1.4.0/stm32cubeide/plugins/com.st.stm32cube.ide.mcu.externaltools.gnu-tools-for-stm32.7-2018-q2-update.win32_1.4.0.202007081208/tools/bin/../lib/gcc/arm-none-eabi/7.3.1/thumb/v6-m/crtn.o
                0x0000000020001800                _estack = (ORIGIN (RAM) + LENGTH (RAM))
                0x0000000000000200                _Min_Heap_Size = 0x200
                0x0000000000000400                _Min_Stack_Size = 0x400

.isr_vector     0x0000000008000000       0xc0
                0x0000000008000000                . = ALIGN (0x4)
 *(.isr_vector)
 .isr_vector    0x0000000008000000       0xc0 Core/Startup/startup_stm32f042f6px.o
                0x0000000008000000                g_pfnVectors
                0x00000000080000c0                . = ALIGN (0x4)

.text           0x00000000080000c0     0x5e30
                0x00000000080000c0                . = ALIGN (0x4)
 *(.text)
 .text          0x00000000080000c0       0x48 c:/st/stm32cubeide_1.4.0/stm32cubeide/plugins/com.st.stm32cube.ide.mcu.externaltools.gnu-tools-for-stm32.7-2018-q2-update.win32_1.4.0.202007081208/tools/bin/../lib/gcc/arm-none-eabi/7.3.1/thumb/v6-m/crtbegin.o
 .text          0x0000000008000108      0x114 c:/st/stm32cubeide_1.4.0/stm32cubeide/plugins/com.st.stm32cube.ide.mcu.externaltools.gnu-tools-for-stm32.7-2018-q2-update.win32_1.4.0.202007081208/tools/bin/../lib/gcc/arm-none-eabi/7.3.1/thumb/v6-m\libgcc.a(_udivsi3.o)
                0x0000000008000108                __aeabi_uidiv
                0x0000000008000108                __udivsi3
                0x0000000008000214                __aeabi_uidivmod
 .text          0x000000000800021c        0x4 c:/st/stm32cubeide_1.4.0/stm32cubeide/plugins/com.st.stm32cube.ide.mcu.externaltools.gnu-tools-for-stm32.7-2018-q2-update.win32_1.4.0.202007081208/tools/bin/../lib/gcc/arm-none-eabi/7.3.1/thumb/v6-m\libgcc.a(_dvmd_tls.o)
                0x000000000800021c                __aeabi_idiv0
                0x000000000800021c                __aeabi_ldiv0
 *(.text*)
 .text.main     0x0000000008000220      0x27c Core/Src/main.o
                0x0000000008000220                main
 .text.SystemClock_Config
                0x000000000800049c       0xc6 Core/Src/main.o
                0x000000000800049c                SystemClock_Config
 *fill*         0x0000000008000562        0x2 
 .text.MX_TSC_Init
                0x0000000008000564       0x84 Core/Src/main.o
 .text.MX_GPIO_Init
                0x00000000080005e8       0xb0 Core/Src/main.o
 .text.Error_Handler
                0x0000000008000698        0xa Core/Src/main.o
                0x0000000008000698                Error_Handler
 *fill*         0x00000000080006a2        0x2 
 .text.HAL_MspInit
                0x00000000080006a4       0x58 Core/Src/stm32f0xx_hal_msp.o
                0x00000000080006a4                HAL_MspInit
 .text.HAL_TSC_MspInit
                0x00000000080006fc       0xc8 Core/Src/stm32f0xx_hal_msp.o
                0x00000000080006fc                HAL_TSC_MspInit
 .text.NMI_Handler
                0x00000000080007c4        0xa Core/Src/stm32f0xx_it.o
                0x00000000080007c4                NMI_Handler
 .text.HardFault_Handler
                0x00000000080007ce        0x6 Core/Src/stm32f0xx_it.o
                0x00000000080007ce                HardFault_Handler
 .text.SVC_Handler
                0x00000000080007d4        0xa Core/Src/stm32f0xx_it.o
                0x00000000080007d4                SVC_Handler
 .text.PendSV_Handler
                0x00000000080007de        0xa Core/Src/stm32f0xx_it.o
                0x00000000080007de                PendSV_Handler
 .text.SysTick_Handler
                0x00000000080007e8        0xe Core/Src/stm32f0xx_it.o
                0x00000000080007e8                SysTick_Handler
 *fill*         0x00000000080007f6        0x2 
 .text.USB_IRQHandler
                0x00000000080007f8       0x18 Core/Src/stm32f0xx_it.o
                0x00000000080007f8                USB_IRQHandler
 .text.SystemInit
                0x0000000008000810        0xa Core/Src/system_stm32f0xx.o
                0x0000000008000810                SystemInit
 *fill*         0x000000000800081a        0x2 
 .text.Reset_Handler
                0x000000000800081c       0x80 Core/Startup/startup_stm32f042f6px.o
                0x000000000800081c                Reset_Handler
 .text.Default_Handler
                0x000000000800089c        0x2 Core/Startup/startup_stm32f042f6px.o
                0x000000000800089c                TIM1_CC_IRQHandler
                0x000000000800089c                TSC_IRQHandler
                0x000000000800089c                I2C1_IRQHandler
                0x000000000800089c                RCC_CRS_IRQHandler
                0x000000000800089c                SPI1_IRQHandler
                0x000000000800089c                EXTI2_3_IRQHandler
                0x000000000800089c                ADC1_IRQHandler
                0x000000000800089c                TIM17_IRQHandler
                0x000000000800089c                CEC_CAN_IRQHandler
                0x000000000800089c                RTC_IRQHandler
                0x000000000800089c                PVD_VDDIO2_IRQHandler
                0x000000000800089c                TIM16_IRQHandler
                0x000000000800089c                TIM3_IRQHandler
                0x000000000800089c                EXTI4_15_IRQHandler
                0x000000000800089c                DMA1_Channel1_IRQHandler
                0x000000000800089c                Default_Handler
                0x000000000800089c                TIM14_IRQHandler
                0x000000000800089c                DMA1_Channel4_5_IRQHandler
                0x000000000800089c                EXTI0_1_IRQHandler
                0x000000000800089c                SPI2_IRQHandler
                0x000000000800089c                WWDG_IRQHandler
                0x000000000800089c                TIM2_IRQHandler
                0x000000000800089c                DMA1_Channel2_3_IRQHandler
                0x000000000800089c                USART2_IRQHandler
                0x000000000800089c                FLASH_IRQHandler
                0x000000000800089c                USART1_IRQHandler
                0x000000000800089c                TIM1_BRK_UP_TRG_COM_IRQHandler
 *fill*         0x000000000800089e        0x2 
 .text.HAL_Init
                0x00000000080008a0       0x28 Drivers/STM32F0xx_HAL_Driver/Src/stm32f0xx_hal.o
                0x00000000080008a0                HAL_Init
 .text.HAL_InitTick
                0x00000000080008c8       0x68 Drivers/STM32F0xx_HAL_Driver/Src/stm32f0xx_hal.o
                0x00000000080008c8                HAL_InitTick
 .text.HAL_IncTick
                0x0000000008000930       0x24 Drivers/STM32F0xx_HAL_Driver/Src/stm32f0xx_hal.o
                0x0000000008000930                HAL_IncTick
 .text.HAL_GetTick
                0x0000000008000954       0x14 Drivers/STM32F0xx_HAL_Driver/Src/stm32f0xx_hal.o
                0x0000000008000954                HAL_GetTick
 .text.HAL_Delay
                0x0000000008000968       0x44 Drivers/STM32F0xx_HAL_Driver/Src/stm32f0xx_hal.o
                0x0000000008000968                HAL_Delay
 .text.__NVIC_EnableIRQ
                0x00000000080009ac       0x34 Drivers/STM32F0xx_HAL_Driver/Src/stm32f0xx_hal_cortex.o
 .text.__NVIC_SetPriority
                0x00000000080009e0       0xdc Drivers/STM32F0xx_HAL_Driver/Src/stm32f0xx_hal_cortex.o
 .text.SysTick_Config
                0x0000000008000abc       0x48 Drivers/STM32F0xx_HAL_Driver/Src/stm32f0xx_hal_cortex.o
 .text.HAL_NVIC_SetPriority
                0x0000000008000b04       0x2a Drivers/STM32F0xx_HAL_Driver/Src/stm32f0xx_hal_cortex.o
                0x0000000008000b04                HAL_NVIC_SetPriority
 .text.HAL_NVIC_EnableIRQ
                0x0000000008000b2e       0x20 Drivers/STM32F0xx_HAL_Driver/Src/stm32f0xx_hal_cortex.o
                0x0000000008000b2e                HAL_NVIC_EnableIRQ
 .text.HAL_SYSTICK_Config
                0x0000000008000b4e       0x1a Drivers/STM32F0xx_HAL_Driver/Src/stm32f0xx_hal_cortex.o
                0x0000000008000b4e                HAL_SYSTICK_Config
 .text.HAL_GPIO_Init
                0x0000000008000b68      0x2d0 Drivers/STM32F0xx_HAL_Driver/Src/stm32f0xx_hal_gpio.o
                0x0000000008000b68                HAL_GPIO_Init
 .text.HAL_GPIO_WritePin
                0x0000000008000e38       0x3a Drivers/STM32F0xx_HAL_Driver/Src/stm32f0xx_hal_gpio.o
                0x0000000008000e38                HAL_GPIO_WritePin
 .text.HAL_GPIO_TogglePin
                0x0000000008000e72       0x36 Drivers/STM32F0xx_HAL_Driver/Src/stm32f0xx_hal_gpio.o
                0x0000000008000e72                HAL_GPIO_TogglePin
 .text.HAL_PCD_Init
                0x0000000008000ea8      0x1c8 Drivers/STM32F0xx_HAL_Driver/Src/stm32f0xx_hal_pcd.o
                0x0000000008000ea8                HAL_PCD_Init
 .text.HAL_PCD_Start
                0x0000000008001070       0x4a Drivers/STM32F0xx_HAL_Driver/Src/stm32f0xx_hal_pcd.o
                0x0000000008001070                HAL_PCD_Start
 *fill*         0x00000000080010ba        0x2 
 .text.HAL_PCD_IRQHandler
                0x00000000080010bc      0x310 Drivers/STM32F0xx_HAL_Driver/Src/stm32f0xx_hal_pcd.o
                0x00000000080010bc                HAL_PCD_IRQHandler
 .text.HAL_PCD_SetAddress
                0x00000000080013cc       0x56 Drivers/STM32F0xx_HAL_Driver/Src/stm32f0xx_hal_pcd.o
                0x00000000080013cc                HAL_PCD_SetAddress
 .text.HAL_PCD_EP_Open
                0x0000000008001422       0xe4 Drivers/STM32F0xx_HAL_Driver/Src/stm32f0xx_hal_pcd.o
                0x0000000008001422                HAL_PCD_EP_Open
 .text.HAL_PCD_EP_Close
                0x0000000008001506       0x96 Drivers/STM32F0xx_HAL_Driver/Src/stm32f0xx_hal_pcd.o
                0x0000000008001506                HAL_PCD_EP_Close
 .text.HAL_PCD_EP_Receive
                0x000000000800159c       0x82 Drivers/STM32F0xx_HAL_Driver/Src/stm32f0xx_hal_pcd.o
                0x000000000800159c                HAL_PCD_EP_Receive
 .text.HAL_PCD_EP_Transmit
                0x000000000800161e       0x80 Drivers/STM32F0xx_HAL_Driver/Src/stm32f0xx_hal_pcd.o
                0x000000000800161e                HAL_PCD_EP_Transmit
 .text.HAL_PCD_EP_SetStall
                0x000000000800169e       0xcc Drivers/STM32F0xx_HAL_Driver/Src/stm32f0xx_hal_pcd.o
                0x000000000800169e                HAL_PCD_EP_SetStall
 .text.HAL_PCD_EP_ClrStall
                0x000000000800176a       0xb0 Drivers/STM32F0xx_HAL_Driver/Src/stm32f0xx_hal_pcd.o
                0x000000000800176a                HAL_PCD_EP_ClrStall
 *fill*         0x000000000800181a        0x2 
 .text.PCD_EP_ISR_Handler
                0x000000000800181c      0x5a8 Drivers/STM32F0xx_HAL_Driver/Src/stm32f0xx_hal_pcd.o
 .text.HAL_PCDEx_PMAConfig
                0x0000000008001dc4       0x90 Drivers/STM32F0xx_HAL_Driver/Src/stm32f0xx_hal_pcd_ex.o
                0x0000000008001dc4                HAL_PCDEx_PMAConfig
 .text.HAL_PCDEx_ActivateLPM
                0x0000000008001e54       0x54 Drivers/STM32F0xx_HAL_Driver/Src/stm32f0xx_hal_pcd_ex.o
                0x0000000008001e54                HAL_PCDEx_ActivateLPM
 .text.HAL_PCDEx_LPM_Callback
                0x0000000008001ea8       0x16 Drivers/STM32F0xx_HAL_Driver/Src/stm32f0xx_hal_pcd_ex.o
                0x0000000008001ea8                HAL_PCDEx_LPM_Callback
 *fill*         0x0000000008001ebe        0x2 
 .text.HAL_RCC_OscConfig
                0x0000000008001ec0      0x70c Drivers/STM32F0xx_HAL_Driver/Src/stm32f0xx_hal_rcc.o
                0x0000000008001ec0                HAL_RCC_OscConfig
 .text.HAL_RCC_ClockConfig
                0x00000000080025cc      0x1b4 Drivers/STM32F0xx_HAL_Driver/Src/stm32f0xx_hal_rcc.o
                0x00000000080025cc                HAL_RCC_ClockConfig
 .text.HAL_RCC_GetSysClockFreq
                0x0000000008002780       0xfc Drivers/STM32F0xx_HAL_Driver/Src/stm32f0xx_hal_rcc.o
                0x0000000008002780                HAL_RCC_GetSysClockFreq
 .text.HAL_RCCEx_PeriphCLKConfig
                0x000000000800287c      0x1dc Drivers/STM32F0xx_HAL_Driver/Src/stm32f0xx_hal_rcc_ex.o
                0x000000000800287c                HAL_RCCEx_PeriphCLKConfig
 .text.HAL_TSC_Init
                0x0000000008002a58      0x104 Drivers/STM32F0xx_HAL_Driver/Src/stm32f0xx_hal_tsc.o
                0x0000000008002a58                HAL_TSC_Init
 .text.TSC_extract_groups
                0x0000000008002b5c       0x46 Drivers/STM32F0xx_HAL_Driver/Src/stm32f0xx_hal_tsc.o
 *fill*         0x0000000008002ba2        0x2 
 .text.USB_EnableGlobalInt
                0x0000000008002ba4       0x34 Drivers/STM32F0xx_HAL_Driver/Src/stm32f0xx_ll_usb.o
                0x0000000008002ba4                USB_EnableGlobalInt
 .text.USB_DisableGlobalInt
                0x0000000008002bd8       0x40 Drivers/STM32F0xx_HAL_Driver/Src/stm32f0xx_ll_usb.o
                0x0000000008002bd8                USB_DisableGlobalInt
 .text.USB_DevInit
                0x0000000008002c18       0x60 Drivers/STM32F0xx_HAL_Driver/Src/stm32f0xx_ll_usb.o
                0x0000000008002c18                USB_DevInit
 .text.USB_ActivateEndpoint
                0x0000000008002c78      0x5f0 Drivers/STM32F0xx_HAL_Driver/Src/stm32f0xx_ll_usb.o
                0x0000000008002c78                USB_ActivateEndpoint
 .text.USB_DeactivateEndpoint
                0x0000000008003268      0x2ec Drivers/STM32F0xx_HAL_Driver/Src/stm32f0xx_ll_usb.o
                0x0000000008003268                USB_DeactivateEndpoint
 .text.USB_EPStartXfer
                0x0000000008003554      0x5a4 Drivers/STM32F0xx_HAL_Driver/Src/stm32f0xx_ll_usb.o
                0x0000000008003554                USB_EPStartXfer
 .text.USB_EPSetStall
                0x0000000008003af8       0x84 Drivers/STM32F0xx_HAL_Driver/Src/stm32f0xx_ll_usb.o
                0x0000000008003af8                USB_EPSetStall
 .text.USB_EPClearStall
                0x0000000008003b7c      0x124 Drivers/STM32F0xx_HAL_Driver/Src/stm32f0xx_ll_usb.o
                0x0000000008003b7c                USB_EPClearStall
 .text.USB_SetDevAddress
                0x0000000008003ca0       0x28 Drivers/STM32F0xx_HAL_Driver/Src/stm32f0xx_ll_usb.o
                0x0000000008003ca0                USB_SetDevAddress
 .text.USB_DevConnect
                0x0000000008003cc8       0x2c Drivers/STM32F0xx_HAL_Driver/Src/stm32f0xx_ll_usb.o
                0x0000000008003cc8                USB_DevConnect
 .text.USB_ReadInterrupts
                0x0000000008003cf4       0x1c Drivers/STM32F0xx_HAL_Driver/Src/stm32f0xx_ll_usb.o
                0x0000000008003cf4                USB_ReadInterrupts
 .text.USB_EP0_OutStart
                0x0000000008003d10       0x14 Drivers/STM32F0xx_HAL_Driver/Src/stm32f0xx_ll_usb.o
                0x0000000008003d10                USB_EP0_OutStart
 .text.USB_WritePMA
                0x0000000008003d24       0x86 Drivers/STM32F0xx_HAL_Driver/Src/stm32f0xx_ll_usb.o
                0x0000000008003d24                USB_WritePMA
 .text.USB_ReadPMA
                0x0000000008003daa       0x9e Drivers/STM32F0xx_HAL_Driver/Src/stm32f0xx_ll_usb.o
                0x0000000008003daa                USB_ReadPMA
 .text.USBD_HID_Init
                0x0000000008003e48       0x56 Middlewares/ST/STM32_USB_Device_Library/Class/HID/Src/usbd_hid.o
 .text.USBD_HID_DeInit
                0x0000000008003e9e       0x4c Middlewares/ST/STM32_USB_Device_Library/Class/HID/Src/usbd_hid.o
 *fill*         0x0000000008003eea        0x2 
 .text.USBD_HID_Setup
                0x0000000008003eec      0x218 Middlewares/ST/STM32_USB_Device_Library/Class/HID/Src/usbd_hid.o
 .text.USBD_HID_GetFSCfgDesc
                0x0000000008004104       0x1c Middlewares/ST/STM32_USB_Device_Library/Class/HID/Src/usbd_hid.o
 .text.USBD_HID_GetHSCfgDesc
                0x0000000008004120       0x1c Middlewares/ST/STM32_USB_Device_Library/Class/HID/Src/usbd_hid.o
 .text.USBD_HID_GetOtherSpeedCfgDesc
                0x000000000800413c       0x1c Middlewares/ST/STM32_USB_Device_Library/Class/HID/Src/usbd_hid.o
 .text.USBD_HID_DataIn
                0x0000000008004158       0x24 Middlewares/ST/STM32_USB_Device_Library/Class/HID/Src/usbd_hid.o
 .text.USBD_HID_GetDeviceQualifierDesc
                0x000000000800417c       0x1c Middlewares/ST/STM32_USB_Device_Library/Class/HID/Src/usbd_hid.o
 .text.USBD_Init
                0x0000000008004198       0x62 Middlewares/ST/STM32_USB_Device_Library/Core/Src/usbd_core.o
                0x0000000008004198                USBD_Init
 .text.USBD_RegisterClass
                0x00000000080041fa       0x42 Middlewares/ST/STM32_USB_Device_Library/Core/Src/usbd_core.o
                0x00000000080041fa                USBD_RegisterClass
 .text.USBD_Start
                0x000000000800423c       0x1a Middlewares/ST/STM32_USB_Device_Library/Core/Src/usbd_core.o
                0x000000000800423c                USBD_Start
 .text.USBD_RunTestMode
                0x0000000008004256       0x12 Middlewares/ST/STM32_USB_Device_Library/Core/Src/usbd_core.o
                0x0000000008004256                USBD_RunTestMode
 .text.USBD_SetClassConfig
                0x0000000008004268       0x50 Middlewares/ST/STM32_USB_Device_Library/Core/Src/usbd_core.o
                0x0000000008004268                USBD_SetClassConfig
 .text.USBD_ClrClassConfig
                0x00000000080042b8       0x2c Middlewares/ST/STM32_USB_Device_Library/Core/Src/usbd_core.o
                0x00000000080042b8                USBD_ClrClassConfig
 .text.USBD_LL_SetupStage
                0x00000000080042e4       0xb8 Middlewares/ST/STM32_USB_Device_Library/Core/Src/usbd_core.o
                0x00000000080042e4                USBD_LL_SetupStage
 .text.USBD_LL_DataOutStage
                0x000000000800439c      0x104 Middlewares/ST/STM32_USB_Device_Library/Core/Src/usbd_core.o
                0x000000000800439c                USBD_LL_DataOutStage
 .text.USBD_LL_DataInStage
                0x00000000080044a0      0x17a Middlewares/ST/STM32_USB_Device_Library/Core/Src/usbd_core.o
                0x00000000080044a0                USBD_LL_DataInStage
 .text.USBD_LL_Reset
                0x000000000800461a       0x90 Middlewares/ST/STM32_USB_Device_Library/Core/Src/usbd_core.o
                0x000000000800461a                USBD_LL_Reset
 .text.USBD_LL_SetSpeed
                0x00000000080046aa       0x20 Middlewares/ST/STM32_USB_Device_Library/Core/Src/usbd_core.o
                0x00000000080046aa                USBD_LL_SetSpeed
 *fill*         0x00000000080046ca        0x2 
 .text.USBD_LL_Suspend
                0x00000000080046cc       0x30 Middlewares/ST/STM32_USB_Device_Library/Core/Src/usbd_core.o
                0x00000000080046cc                USBD_LL_Suspend
 .text.USBD_LL_Resume
                0x00000000080046fc       0x30 Middlewares/ST/STM32_USB_Device_Library/Core/Src/usbd_core.o
                0x00000000080046fc                USBD_LL_Resume
 .text.USBD_LL_SOF
                0x000000000800472c       0x3c Middlewares/ST/STM32_USB_Device_Library/Core/Src/usbd_core.o
                0x000000000800472c                USBD_LL_SOF
 .text.USBD_StdDevReq
                0x0000000008004768       0xe4 Middlewares/ST/STM32_USB_Device_Library/Core/Src/usbd_ctlreq.o
                0x0000000008004768                USBD_StdDevReq
 .text.USBD_StdItfReq
                0x000000000800484c       0xae Middlewares/ST/STM32_USB_Device_Library/Core/Src/usbd_ctlreq.o
                0x000000000800484c                USBD_StdItfReq
 .text.USBD_StdEPReq
                0x00000000080048fa      0x37c Middlewares/ST/STM32_USB_Device_Library/Core/Src/usbd_ctlreq.o
                0x00000000080048fa                USBD_StdEPReq
 *fill*         0x0000000008004c76        0x2 
 .text.USBD_GetDescriptor
                0x0000000008004c78      0x368 Middlewares/ST/STM32_USB_Device_Library/Core/Src/usbd_ctlreq.o
 .text.USBD_SetAddress
                0x0000000008004fe0       0xa8 Middlewares/ST/STM32_USB_Device_Library/Core/Src/usbd_ctlreq.o
 .text.USBD_SetConfig
                0x0000000008005088      0x148 Middlewares/ST/STM32_USB_Device_Library/Core/Src/usbd_ctlreq.o
 .text.USBD_GetConfig
                0x00000000080051d0       0x74 Middlewares/ST/STM32_USB_Device_Library/Core/Src/usbd_ctlreq.o
 .text.USBD_GetStatus
                0x0000000008005244       0x74 Middlewares/ST/STM32_USB_Device_Library/Core/Src/usbd_ctlreq.o
 .text.USBD_SetFeature
                0x00000000080052b8       0x2c Middlewares/ST/STM32_USB_Device_Library/Core/Src/usbd_ctlreq.o
 .text.USBD_ClrFeature
                0x00000000080052e4       0x4c Middlewares/ST/STM32_USB_Device_Library/Core/Src/usbd_ctlreq.o
 .text.USBD_ParseSetupRequest
                0x0000000008005330       0x76 Middlewares/ST/STM32_USB_Device_Library/Core/Src/usbd_ctlreq.o
                0x0000000008005330                USBD_ParseSetupRequest
 .text.USBD_CtlError
                0x00000000080053a6       0x26 Middlewares/ST/STM32_USB_Device_Library/Core/Src/usbd_ctlreq.o
                0x00000000080053a6                USBD_CtlError
 .text.USBD_GetString
                0x00000000080053cc       0x9e Middlewares/ST/STM32_USB_Device_Library/Core/Src/usbd_ctlreq.o
                0x00000000080053cc                USBD_GetString
 .text.USBD_GetLen
                0x000000000800546a       0x3a Middlewares/ST/STM32_USB_Device_Library/Core/Src/usbd_ctlreq.o
 .text.USBD_CtlSendData
                0x00000000080054a4       0x40 Middlewares/ST/STM32_USB_Device_Library/Core/Src/usbd_ioreq.o
                0x00000000080054a4                USBD_CtlSendData
 .text.USBD_CtlContinueSendData
                0x00000000080054e4       0x26 Middlewares/ST/STM32_USB_Device_Library/Core/Src/usbd_ioreq.o
                0x00000000080054e4                USBD_CtlContinueSendData
 .text.USBD_CtlContinueRx
                0x000000000800550a       0x26 Middlewares/ST/STM32_USB_Device_Library/Core/Src/usbd_ioreq.o
                0x000000000800550a                USBD_CtlContinueRx
 .text.USBD_CtlSendStatus
                0x0000000008005530       0x28 Middlewares/ST/STM32_USB_Device_Library/Core/Src/usbd_ioreq.o
                0x0000000008005530                USBD_CtlSendStatus
 .text.USBD_CtlReceiveStatus
                0x0000000008005558       0x28 Middlewares/ST/STM32_USB_Device_Library/Core/Src/usbd_ioreq.o
                0x0000000008005558                USBD_CtlReceiveStatus
 .text.MX_USB_DEVICE_Init
                0x0000000008005580       0x50 USB_DEVICE/App/usb_device.o
                0x0000000008005580                MX_USB_DEVICE_Init
 .text.USBD_FS_DeviceDescriptor
                0x00000000080055d0       0x24 USB_DEVICE/App/usbd_desc.o
                0x00000000080055d0                USBD_FS_DeviceDescriptor
 .text.USBD_FS_LangIDStrDescriptor
                0x00000000080055f4       0x24 USB_DEVICE/App/usbd_desc.o
                0x00000000080055f4                USBD_FS_LangIDStrDescriptor
 .text.USBD_FS_ProductStrDescriptor
                0x0000000008005618       0x44 USB_DEVICE/App/usbd_desc.o
                0x0000000008005618                USBD_FS_ProductStrDescriptor
 .text.USBD_FS_ManufacturerStrDescriptor
                0x000000000800565c       0x2c USB_DEVICE/App/usbd_desc.o
                0x000000000800565c                USBD_FS_ManufacturerStrDescriptor
 .text.USBD_FS_SerialStrDescriptor
                0x0000000008005688       0x28 USB_DEVICE/App/usbd_desc.o
                0x0000000008005688                USBD_FS_SerialStrDescriptor
 .text.USBD_FS_ConfigStrDescriptor
                0x00000000080056b0       0x44 USB_DEVICE/App/usbd_desc.o
                0x00000000080056b0                USBD_FS_ConfigStrDescriptor
 .text.USBD_FS_InterfaceStrDescriptor
                0x00000000080056f4       0x44 USB_DEVICE/App/usbd_desc.o
                0x00000000080056f4                USBD_FS_InterfaceStrDescriptor
 .text.Get_SerialNum
                0x0000000008005738       0x5c USB_DEVICE/App/usbd_desc.o
 .text.IntToUnicode
                0x0000000008005794       0x94 USB_DEVICE/App/usbd_desc.o
 .text.HAL_PCD_MspInit
                0x0000000008005828       0x50 USB_DEVICE/Target/usbd_conf.o
                0x0000000008005828                HAL_PCD_MspInit
 .text.HAL_PCD_SetupStageCallback
                0x0000000008005878       0x2a USB_DEVICE/Target/usbd_conf.o
                0x0000000008005878                HAL_PCD_SetupStageCallback
 .text.HAL_PCD_DataOutStageCallback
                0x00000000080058a2       0x3a USB_DEVICE/Target/usbd_conf.o
                0x00000000080058a2                HAL_PCD_DataOutStageCallback
 .text.HAL_PCD_DataInStageCallback
                0x00000000080058dc       0x36 USB_DEVICE/Target/usbd_conf.o
                0x00000000080058dc                HAL_PCD_DataInStageCallback
 .text.HAL_PCD_SOFCallback
                0x0000000008005912       0x1e USB_DEVICE/Target/usbd_conf.o
                0x0000000008005912                HAL_PCD_SOFCallback
 .text.HAL_PCD_ResetCallback
                0x0000000008005930       0x48 USB_DEVICE/Target/usbd_conf.o
                0x0000000008005930                HAL_PCD_ResetCallback
 .text.HAL_PCD_SuspendCallback
                0x0000000008005978       0x38 USB_DEVICE/Target/usbd_conf.o
                0x0000000008005978                HAL_PCD_SuspendCallback
 .text.HAL_PCD_ResumeCallback
                0x00000000080059b0       0x3c USB_DEVICE/Target/usbd_conf.o
                0x00000000080059b0                HAL_PCD_ResumeCallback
 .text.USBD_LL_Init
                0x00000000080059ec       0xa0 USB_DEVICE/Target/usbd_conf.o
                0x00000000080059ec                USBD_LL_Init
 .text.USBD_LL_Start
                0x0000000008005a8c       0x4c USB_DEVICE/Target/usbd_conf.o
                0x0000000008005a8c                USBD_LL_Start
 .text.USBD_LL_OpenEP
                0x0000000008005ad8       0x6e USB_DEVICE/Target/usbd_conf.o
                0x0000000008005ad8                USBD_LL_OpenEP
 .text.USBD_LL_CloseEP
                0x0000000008005b46       0x58 USB_DEVICE/Target/usbd_conf.o
                0x0000000008005b46                USBD_LL_CloseEP
 .text.USBD_LL_StallEP
                0x0000000008005b9e       0x58 USB_DEVICE/Target/usbd_conf.o
                0x0000000008005b9e                USBD_LL_StallEP
 .text.USBD_LL_ClearStallEP
                0x0000000008005bf6       0x58 USB_DEVICE/Target/usbd_conf.o
                0x0000000008005bf6                USBD_LL_ClearStallEP
 .text.USBD_LL_IsStallEP
                0x0000000008005c4e       0x56 USB_DEVICE/Target/usbd_conf.o
                0x0000000008005c4e                USBD_LL_IsStallEP
 .text.USBD_LL_SetUSBAddress
                0x0000000008005ca4       0x58 USB_DEVICE/Target/usbd_conf.o
                0x0000000008005ca4                USBD_LL_SetUSBAddress
 .text.USBD_LL_Transmit
                0x0000000008005cfc       0x70 USB_DEVICE/Target/usbd_conf.o
                0x0000000008005cfc                USBD_LL_Transmit
 .text.USBD_LL_PrepareReceive
                0x0000000008005d6c       0x70 USB_DEVICE/Target/usbd_conf.o
                0x0000000008005d6c                USBD_LL_PrepareReceive
 .text.USBD_static_malloc
                0x0000000008005ddc       0x18 USB_DEVICE/Target/usbd_conf.o
                0x0000000008005ddc                USBD_static_malloc
 .text.USBD_static_free
                0x0000000008005df4       0x10 USB_DEVICE/Target/usbd_conf.o
                0x0000000008005df4                USBD_static_free
 .text.SystemClockConfig_Resume
                0x0000000008005e04        0xe USB_DEVICE/Target/usbd_conf.o
 .text.USBD_Get_USB_Status
                0x0000000008005e12       0x6e USB_DEVICE/Target/usbd_conf.o
 .text.__libc_init_array
                0x0000000008005e80       0x48 c:/st/stm32cubeide_1.4.0/stm32cubeide/plugins/com.st.stm32cube.ide.mcu.externaltools.gnu-tools-for-stm32.7-2018-q2-update.win32_1.4.0.202007081208/tools/bin/../lib/gcc/arm-none-eabi/7.3.1/../../../../arm-none-eabi/lib/thumb/v6-m\libc_nano.a(lib_a-init.o)
                0x0000000008005e80                __libc_init_array
 .text.memset   0x0000000008005ec8       0x10 c:/st/stm32cubeide_1.4.0/stm32cubeide/plugins/com.st.stm32cube.ide.mcu.externaltools.gnu-tools-for-stm32.7-2018-q2-update.win32_1.4.0.202007081208/tools/bin/../lib/gcc/arm-none-eabi/7.3.1/../../../../arm-none-eabi/lib/thumb/v6-m\libc_nano.a(lib_a-memset.o)
                0x0000000008005ec8                memset
 *(.glue_7)
 .glue_7        0x0000000008005ed8        0x0 linker stubs
 *(.glue_7t)
 .glue_7t       0x0000000008005ed8        0x0 linker stubs
 *(.eh_frame)
 .eh_frame      0x0000000008005ed8        0x0 c:/st/stm32cubeide_1.4.0/stm32cubeide/plugins/com.st.stm32cube.ide.mcu.externaltools.gnu-tools-for-stm32.7-2018-q2-update.win32_1.4.0.202007081208/tools/bin/../lib/gcc/arm-none-eabi/7.3.1/thumb/v6-m/crtbegin.o
 *(.init)
 .init          0x0000000008005ed8        0x4 c:/st/stm32cubeide_1.4.0/stm32cubeide/plugins/com.st.stm32cube.ide.mcu.externaltools.gnu-tools-for-stm32.7-2018-q2-update.win32_1.4.0.202007081208/tools/bin/../lib/gcc/arm-none-eabi/7.3.1/thumb/v6-m/crti.o
                0x0000000008005ed8                _init
 .init          0x0000000008005edc        0x8 c:/st/stm32cubeide_1.4.0/stm32cubeide/plugins/com.st.stm32cube.ide.mcu.externaltools.gnu-tools-for-stm32.7-2018-q2-update.win32_1.4.0.202007081208/tools/bin/../lib/gcc/arm-none-eabi/7.3.1/thumb/v6-m/crtn.o
 *(.fini)
 .fini          0x0000000008005ee4        0x4 c:/st/stm32cubeide_1.4.0/stm32cubeide/plugins/com.st.stm32cube.ide.mcu.externaltools.gnu-tools-for-stm32.7-2018-q2-update.win32_1.4.0.202007081208/tools/bin/../lib/gcc/arm-none-eabi/7.3.1/thumb/v6-m/crti.o
                0x0000000008005ee4                _fini
 .fini          0x0000000008005ee8        0x8 c:/st/stm32cubeide_1.4.0/stm32cubeide/plugins/com.st.stm32cube.ide.mcu.externaltools.gnu-tools-for-stm32.7-2018-q2-update.win32_1.4.0.202007081208/tools/bin/../lib/gcc/arm-none-eabi/7.3.1/thumb/v6-m/crtn.o
                0x0000000008005ef0                . = ALIGN (0x4)
                0x0000000008005ef0                _etext = .

.vfp11_veneer   0x0000000008005ef0        0x0
 .vfp11_veneer  0x0000000008005ef0        0x0 linker stubs

.v4_bx          0x0000000008005ef0        0x0
 .v4_bx         0x0000000008005ef0        0x0 linker stubs

.iplt           0x0000000008005ef0        0x0
 .iplt          0x0000000008005ef0        0x0 c:/st/stm32cubeide_1.4.0/stm32cubeide/plugins/com.st.stm32cube.ide.mcu.externaltools.gnu-tools-for-stm32.7-2018-q2-update.win32_1.4.0.202007081208/tools/bin/../lib/gcc/arm-none-eabi/7.3.1/thumb/v6-m/crtbegin.o

.rodata         0x0000000008005ef0       0xd8
                0x0000000008005ef0                . = ALIGN (0x4)
 *(.rodata)
 .rodata        0x0000000008005ef0       0x20 Drivers/STM32F0xx_HAL_Driver/Src/stm32f0xx_hal_rcc.o
 .rodata        0x0000000008005f10       0x46 USB_DEVICE/App/usbd_desc.o
 *(.rodata*)
 *fill*         0x0000000008005f56        0x2 
 .rodata.AHBPrescTable
                0x0000000008005f58       0x10 Core/Src/system_stm32f0xx.o
                0x0000000008005f58                AHBPrescTable
 .rodata.USBD_StdDevReq
                0x0000000008005f68       0x28 Middlewares/ST/STM32_USB_Device_Library/Core/Src/usbd_ctlreq.o
 .rodata.USBD_GetDescriptor
                0x0000000008005f90       0x38 Middlewares/ST/STM32_USB_Device_Library/Core/Src/usbd_ctlreq.o
                0x0000000008005fc8                . = ALIGN (0x4)

.rel.dyn        0x0000000008005fc8        0x0
 .rel.iplt      0x0000000008005fc8        0x0 c:/st/stm32cubeide_1.4.0/stm32cubeide/plugins/com.st.stm32cube.ide.mcu.externaltools.gnu-tools-for-stm32.7-2018-q2-update.win32_1.4.0.202007081208/tools/bin/../lib/gcc/arm-none-eabi/7.3.1/thumb/v6-m/crtbegin.o

.ARM.extab      0x0000000008005fc8        0x0
                0x0000000008005fc8                . = ALIGN (0x4)
 *(.ARM.extab* .gnu.linkonce.armextab.*)
                0x0000000008005fc8                . = ALIGN (0x4)

.ARM            0x0000000008005fc8        0x0
                0x0000000008005fc8                . = ALIGN (0x4)
                0x0000000008005fc8                __exidx_start = .
 *(.ARM.exidx*)
                0x0000000008005fc8                __exidx_end = .
                0x0000000008005fc8                . = ALIGN (0x4)

.preinit_array  0x0000000008005fc8        0x0
                0x0000000008005fc8                . = ALIGN (0x4)
                0x0000000008005fc8                PROVIDE (__preinit_array_start = .)
 *(.preinit_array*)
                0x0000000008005fc8                PROVIDE (__preinit_array_end = .)
                0x0000000008005fc8                . = ALIGN (0x4)

.init_array     0x0000000008005fc8        0x4
                0x0000000008005fc8                . = ALIGN (0x4)
                0x0000000008005fc8                PROVIDE (__init_array_start = .)
 *(SORT_BY_NAME(.init_array.*))
 *(.init_array*)
 .init_array    0x0000000008005fc8        0x4 c:/st/stm32cubeide_1.4.0/stm32cubeide/plugins/com.st.stm32cube.ide.mcu.externaltools.gnu-tools-for-stm32.7-2018-q2-update.win32_1.4.0.202007081208/tools/bin/../lib/gcc/arm-none-eabi/7.3.1/thumb/v6-m/crtbegin.o
                0x0000000008005fcc                PROVIDE (__init_array_end = .)
                0x0000000008005fcc                . = ALIGN (0x4)

.fini_array     0x0000000008005fcc        0x4
                0x0000000008005fcc                . = ALIGN (0x4)
                [!provide]                        PROVIDE (__fini_array_start = .)
 *(SORT_BY_NAME(.fini_array.*))
 *(.fini_array*)
 .fini_array    0x0000000008005fcc        0x4 c:/st/stm32cubeide_1.4.0/stm32cubeide/plugins/com.st.stm32cube.ide.mcu.externaltools.gnu-tools-for-stm32.7-2018-q2-update.win32_1.4.0.202007081208/tools/bin/../lib/gcc/arm-none-eabi/7.3.1/thumb/v6-m/crtbegin.o
                [!provide]                        PROVIDE (__fini_array_end = .)
                0x0000000008005fd0                . = ALIGN (0x4)
                0x0000000008005fd0                _sidata = LOADADDR (.data)

.data           0x0000000020000000      0x184 load address 0x0000000008005fd0
                0x0000000020000000                . = ALIGN (0x4)
                0x0000000020000000                _sdata = .
 *(.data)
 *(.data*)
 .data.row_key  0x0000000020000000        0xc Core/Src/main.o
                0x0000000020000000                row_key
 .data.column_key
                0x000000002000000c        0xc Core/Src/main.o
                0x000000002000000c                column_key
 .data.threshold_x
                0x0000000020000018        0x4 Core/Src/main.o
                0x0000000020000018                threshold_x
 .data.threshold_y
                0x000000002000001c        0x4 Core/Src/main.o
                0x000000002000001c                threshold_y
 .data.SystemCoreClock
                0x0000000020000020        0x4 Core/Src/system_stm32f0xx.o
                0x0000000020000020                SystemCoreClock
 .data.uwTickPrio
                0x0000000020000024        0x4 Drivers/STM32F0xx_HAL_Driver/Src/stm32f0xx_hal.o
                0x0000000020000024                uwTickPrio
 .data.uwTickFreq
                0x0000000020000028        0x1 Drivers/STM32F0xx_HAL_Driver/Src/stm32f0xx_hal.o
                0x0000000020000028                uwTickFreq
 *fill*         0x0000000020000029        0x3 
 .data.USBD_HID
                0x000000002000002c       0x38 Middlewares/ST/STM32_USB_Device_Library/Class/HID/Src/usbd_hid.o
                0x000000002000002c                USBD_HID
 .data.USBD_HID_CfgFSDesc
                0x0000000020000064       0x22 Middlewares/ST/STM32_USB_Device_Library/Class/HID/Src/usbd_hid.o
 *fill*         0x0000000020000086        0x2 
 .data.USBD_HID_CfgHSDesc
                0x0000000020000088       0x22 Middlewares/ST/STM32_USB_Device_Library/Class/HID/Src/usbd_hid.o
 *fill*         0x00000000200000aa        0x2 
 .data.USBD_HID_OtherSpeedCfgDesc
                0x00000000200000ac       0x22 Middlewares/ST/STM32_USB_Device_Library/Class/HID/Src/usbd_hid.o
 *fill*         0x00000000200000ce        0x2 
 .data.USBD_HID_Desc
                0x00000000200000d0        0x9 Middlewares/ST/STM32_USB_Device_Library/Class/HID/Src/usbd_hid.o
 *fill*         0x00000000200000d9        0x3 
 .data.USBD_HID_DeviceQualifierDesc
                0x00000000200000dc        0xa Middlewares/ST/STM32_USB_Device_Library/Class/HID/Src/usbd_hid.o
 *fill*         0x00000000200000e6        0x2 
 .data.HID_MOUSE_ReportDesc
                0x00000000200000e8       0x4a Middlewares/ST/STM32_USB_Device_Library/Class/HID/Src/usbd_hid.o
 *fill*         0x0000000020000132        0x2 
 .data.FS_Desc  0x0000000020000134       0x1c USB_DEVICE/App/usbd_desc.o
                0x0000000020000134                FS_Desc
 .data.USBD_FS_DeviceDesc
                0x0000000020000150       0x12 USB_DEVICE/App/usbd_desc.o
                0x0000000020000150                USBD_FS_DeviceDesc
 *fill*         0x0000000020000162        0x2 
 .data.USBD_LangIDDesc
                0x0000000020000164        0x4 USB_DEVICE/App/usbd_desc.o
                0x0000000020000164                USBD_LangIDDesc
 .data.USBD_StringSerial
                0x0000000020000168       0x1a USB_DEVICE/App/usbd_desc.o
                0x0000000020000168                USBD_StringSerial
                0x0000000020000184                . = ALIGN (0x4)
 *fill*         0x0000000020000182        0x2 
                0x0000000020000184                _edata = .

.igot.plt       0x0000000020000184        0x0 load address 0x0000000008006154
 .igot.plt      0x0000000020000184        0x0 c:/st/stm32cubeide_1.4.0/stm32cubeide/plugins/com.st.stm32cube.ide.mcu.externaltools.gnu-tools-for-stm32.7-2018-q2-update.win32_1.4.0.202007081208/tools/bin/../lib/gcc/arm-none-eabi/7.3.1/thumb/v6-m/crtbegin.o
                0x0000000020000184                . = ALIGN (0x4)

.bss            0x0000000020000184      0x7b4 load address 0x0000000008006154
                0x0000000020000184                _sbss = .
                0x0000000020000184                __bss_start__ = _sbss
 *(.bss)
 .bss           0x0000000020000184       0x1c c:/st/stm32cubeide_1.4.0/stm32cubeide/plugins/com.st.stm32cube.ide.mcu.externaltools.gnu-tools-for-stm32.7-2018-q2-update.win32_1.4.0.202007081208/tools/bin/../lib/gcc/arm-none-eabi/7.3.1/thumb/v6-m/crtbegin.o
 *(.bss*)
 .bss.cfgidx.7817
                0x00000000200001a0        0x1 Middlewares/ST/STM32_USB_Device_Library/Core/Src/usbd_ctlreq.o
 *fill*         0x00000000200001a1        0x3 
 .bss.mem.7858  0x00000000200001a4       0x14 USB_DEVICE/Target/usbd_conf.o
 *(COMMON)
 COMMON         0x00000000200001b8       0x44 Core/Src/main.o
                0x00000000200001b8                htsc
 COMMON         0x00000000200001fc        0x4 Drivers/STM32F0xx_HAL_Driver/Src/stm32f0xx_hal.o
                0x00000000200001fc                uwTick
 COMMON         0x0000000020000200      0x2c4 USB_DEVICE/App/usb_device.o
                0x0000000020000200                hUsbDeviceFS
 COMMON         0x00000000200004c4      0x200 USB_DEVICE/App/usbd_desc.o
                0x00000000200004c4                USBD_StrDesc
 COMMON         0x00000000200006c4      0x274 USB_DEVICE/Target/usbd_conf.o
                0x00000000200006c4                hpcd_USB_FS
                0x0000000020000938                . = ALIGN (0x4)
                0x0000000020000938                _ebss = .
                0x0000000020000938                __bss_end__ = _ebss

._user_heap_stack
                0x0000000020000938      0x600 load address 0x0000000008006154
                0x0000000020000938                . = ALIGN (0x8)
                [!provide]                        PROVIDE (end = .)
                0x0000000020000938                PROVIDE (_end = .)
                0x0000000020000b38                . = (. + _Min_Heap_Size)
 *fill*         0x0000000020000938      0x200 
                0x0000000020000f38                . = (. + _Min_Stack_Size)
 *fill*         0x0000000020000b38      0x400 
                0x0000000020000f38                . = ALIGN (0x8)

/DISCARD/
 libc.a(*)
 libm.a(*)
 libgcc.a(*)

.ARM.attributes
                0x0000000000000000       0x28
 *(.ARM.attributes)
 .ARM.attributes
                0x0000000000000000       0x1e c:/st/stm32cubeide_1.4.0/stm32cubeide/plugins/com.st.stm32cube.ide.mcu.externaltools.gnu-tools-for-stm32.7-2018-q2-update.win32_1.4.0.202007081208/tools/bin/../lib/gcc/arm-none-eabi/7.3.1/thumb/v6-m/crti.o
 .ARM.attributes
                0x000000000000001e       0x2c c:/st/stm32cubeide_1.4.0/stm32cubeide/plugins/com.st.stm32cube.ide.mcu.externaltools.gnu-tools-for-stm32.7-2018-q2-update.win32_1.4.0.202007081208/tools/bin/../lib/gcc/arm-none-eabi/7.3.1/thumb/v6-m/crtbegin.o
 .ARM.attributes
                0x000000000000004a       0x31 Core/Src/main.o
 .ARM.attributes
                0x000000000000007b       0x31 Core/Src/stm32f0xx_hal_msp.o
 .ARM.attributes
                0x00000000000000ac       0x31 Core/Src/stm32f0xx_it.o
 .ARM.attributes
                0x00000000000000dd       0x31 Core/Src/system_stm32f0xx.o
 .ARM.attributes
                0x000000000000010e       0x21 Core/Startup/startup_stm32f042f6px.o
 .ARM.attributes
                0x000000000000012f       0x31 Drivers/STM32F0xx_HAL_Driver/Src/stm32f0xx_hal.o
 .ARM.attributes
                0x0000000000000160       0x31 Drivers/STM32F0xx_HAL_Driver/Src/stm32f0xx_hal_cortex.o
 .ARM.attributes
                0x0000000000000191       0x31 Drivers/STM32F0xx_HAL_Driver/Src/stm32f0xx_hal_gpio.o
 .ARM.attributes
                0x00000000000001c2       0x31 Drivers/STM32F0xx_HAL_Driver/Src/stm32f0xx_hal_pcd.o
 .ARM.attributes
                0x00000000000001f3       0x31 Drivers/STM32F0xx_HAL_Driver/Src/stm32f0xx_hal_pcd_ex.o
 .ARM.attributes
                0x0000000000000224       0x31 Drivers/STM32F0xx_HAL_Driver/Src/stm32f0xx_hal_rcc.o
 .ARM.attributes
                0x0000000000000255       0x31 Drivers/STM32F0xx_HAL_Driver/Src/stm32f0xx_hal_rcc_ex.o
 .ARM.attributes
                0x0000000000000286       0x31 Drivers/STM32F0xx_HAL_Driver/Src/stm32f0xx_hal_tsc.o
 .ARM.attributes
                0x00000000000002b7       0x31 Drivers/STM32F0xx_HAL_Driver/Src/stm32f0xx_ll_usb.o
 .ARM.attributes
                0x00000000000002e8       0x31 Middlewares/ST/STM32_USB_Device_Library/Class/HID/Src/usbd_hid.o
 .ARM.attributes
                0x0000000000000319       0x31 Middlewares/ST/STM32_USB_Device_Library/Core/Src/usbd_core.o
 .ARM.attributes
                0x000000000000034a       0x31 Middlewares/ST/STM32_USB_Device_Library/Core/Src/usbd_ctlreq.o
 .ARM.attributes
                0x000000000000037b       0x31 Middlewares/ST/STM32_USB_Device_Library/Core/Src/usbd_ioreq.o
 .ARM.attributes
                0x00000000000003ac       0x31 USB_DEVICE/App/usb_device.o
 .ARM.attributes
                0x00000000000003dd       0x31 USB_DEVICE/App/usbd_desc.o
 .ARM.attributes
                0x000000000000040e       0x31 USB_DEVICE/Target/usbd_conf.o
 .ARM.attributes
                0x000000000000043f       0x2c c:/st/stm32cubeide_1.4.0/stm32cubeide/plugins/com.st.stm32cube.ide.mcu.externaltools.gnu-tools-for-stm32.7-2018-q2-update.win32_1.4.0.202007081208/tools/bin/../lib/gcc/arm-none-eabi/7.3.1/../../../../arm-none-eabi/lib/thumb/v6-m\libc_nano.a(lib_a-init.o)
 .ARM.attributes
                0x000000000000046b       0x2c c:/st/stm32cubeide_1.4.0/stm32cubeide/plugins/com.st.stm32cube.ide.mcu.externaltools.gnu-tools-for-stm32.7-2018-q2-update.win32_1.4.0.202007081208/tools/bin/../lib/gcc/arm-none-eabi/7.3.1/../../../../arm-none-eabi/lib/thumb/v6-m\libc_nano.a(lib_a-memset.o)
 .ARM.attributes
                0x0000000000000497       0x1e c:/st/stm32cubeide_1.4.0/stm32cubeide/plugins/com.st.stm32cube.ide.mcu.externaltools.gnu-tools-for-stm32.7-2018-q2-update.win32_1.4.0.202007081208/tools/bin/../lib/gcc/arm-none-eabi/7.3.1/thumb/v6-m\libgcc.a(_udivsi3.o)
 .ARM.attributes
                0x00000000000004b5       0x1e c:/st/stm32cubeide_1.4.0/stm32cubeide/plugins/com.st.stm32cube.ide.mcu.externaltools.gnu-tools-for-stm32.7-2018-q2-update.win32_1.4.0.202007081208/tools/bin/../lib/gcc/arm-none-eabi/7.3.1/thumb/v6-m\libgcc.a(_dvmd_tls.o)
 .ARM.attributes
                0x00000000000004d3       0x1e c:/st/stm32cubeide_1.4.0/stm32cubeide/plugins/com.st.stm32cube.ide.mcu.externaltools.gnu-tools-for-stm32.7-2018-q2-update.win32_1.4.0.202007081208/tools/bin/../lib/gcc/arm-none-eabi/7.3.1/thumb/v6-m/crtn.o
OUTPUT(touch_keypad.elf elf32-littlearm)

.debug_info     0x0000000000000000     0xf299
 .debug_info    0x0000000000000000     0x11ca Core/Src/main.o
 .debug_info    0x00000000000011ca      0x6d2 Core/Src/stm32f0xx_hal_msp.o
 .debug_info    0x000000000000189c      0x667 Core/Src/stm32f0xx_it.o
 .debug_info    0x0000000000001f03      0x29e Core/Src/system_stm32f0xx.o
 .debug_info    0x00000000000021a1       0x22 Core/Startup/startup_stm32f042f6px.o
 .debug_info    0x00000000000021c3      0x69d Drivers/STM32F0xx_HAL_Driver/Src/stm32f0xx_hal.o
 .debug_info    0x0000000000002860      0x76e Drivers/STM32F0xx_HAL_Driver/Src/stm32f0xx_hal_cortex.o
 .debug_info    0x0000000000002fce      0x67a Drivers/STM32F0xx_HAL_Driver/Src/stm32f0xx_hal_gpio.o
 .debug_info    0x0000000000003648      0xe67 Drivers/STM32F0xx_HAL_Driver/Src/stm32f0xx_hal_pcd.o
 .debug_info    0x00000000000044af      0x880 Drivers/STM32F0xx_HAL_Driver/Src/stm32f0xx_hal_pcd_ex.o
 .debug_info    0x0000000000004d2f      0x82d Drivers/STM32F0xx_HAL_Driver/Src/stm32f0xx_hal_rcc.o
 .debug_info    0x000000000000555c      0x664 Drivers/STM32F0xx_HAL_Driver/Src/stm32f0xx_hal_rcc_ex.o
 .debug_info    0x0000000000005bc0      0x7eb Drivers/STM32F0xx_HAL_Driver/Src/stm32f0xx_hal_tsc.o
 .debug_info    0x00000000000063ab     0x1508 Drivers/STM32F0xx_HAL_Driver/Src/stm32f0xx_ll_usb.o
 .debug_info    0x00000000000078b3     0x1116 Middlewares/ST/STM32_USB_Device_Library/Class/HID/Src/usbd_hid.o
 .debug_info    0x00000000000089c9     0x11ae Middlewares/ST/STM32_USB_Device_Library/Core/Src/usbd_core.o
 .debug_info    0x0000000000009b77     0x111e Middlewares/ST/STM32_USB_Device_Library/Core/Src/usbd_ctlreq.o
 .debug_info    0x000000000000ac95      0xf0f Middlewares/ST/STM32_USB_Device_Library/Core/Src/usbd_ioreq.o
 .debug_info    0x000000000000bba4      0xda4 USB_DEVICE/App/usb_device.o
 .debug_info    0x000000000000c948      0xcf3 USB_DEVICE/App/usbd_desc.o
 .debug_info    0x000000000000d63b     0x1c5e USB_DEVICE/Target/usbd_conf.o

.debug_abbrev   0x0000000000000000     0x2970
 .debug_abbrev  0x0000000000000000      0x256 Core/Src/main.o
 .debug_abbrev  0x0000000000000256      0x166 Core/Src/stm32f0xx_hal_msp.o
 .debug_abbrev  0x00000000000003bc      0x155 Core/Src/stm32f0xx_it.o
 .debug_abbrev  0x0000000000000511      0x12b Core/Src/system_stm32f0xx.o
 .debug_abbrev  0x000000000000063c       0x12 Core/Startup/startup_stm32f042f6px.o
 .debug_abbrev  0x000000000000064e      0x1f2 Drivers/STM32F0xx_HAL_Driver/Src/stm32f0xx_hal.o
 .debug_abbrev  0x0000000000000840      0x273 Drivers/STM32F0xx_HAL_Driver/Src/stm32f0xx_hal_cortex.o
 .debug_abbrev  0x0000000000000ab3      0x1c0 Drivers/STM32F0xx_HAL_Driver/Src/stm32f0xx_hal_gpio.o
 .debug_abbrev  0x0000000000000c73      0x27d Drivers/STM32F0xx_HAL_Driver/Src/stm32f0xx_hal_pcd.o
 .debug_abbrev  0x0000000000000ef0      0x1eb Drivers/STM32F0xx_HAL_Driver/Src/stm32f0xx_hal_pcd_ex.o
 .debug_abbrev  0x00000000000010db      0x20f Drivers/STM32F0xx_HAL_Driver/Src/stm32f0xx_hal_rcc.o
 .debug_abbrev  0x00000000000012ea      0x1d2 Drivers/STM32F0xx_HAL_Driver/Src/stm32f0xx_hal_rcc_ex.o
 .debug_abbrev  0x00000000000014bc      0x1d8 Drivers/STM32F0xx_HAL_Driver/Src/stm32f0xx_hal_tsc.o
 .debug_abbrev  0x0000000000001694      0x239 Drivers/STM32F0xx_HAL_Driver/Src/stm32f0xx_ll_usb.o
 .debug_abbrev  0x00000000000018cd      0x27d Middlewares/ST/STM32_USB_Device_Library/Class/HID/Src/usbd_hid.o
 .debug_abbrev  0x0000000000001b4a      0x270 Middlewares/ST/STM32_USB_Device_Library/Core/Src/usbd_core.o
 .debug_abbrev  0x0000000000001dba      0x2a0 Middlewares/ST/STM32_USB_Device_Library/Core/Src/usbd_ctlreq.o
 .debug_abbrev  0x000000000000205a      0x1e0 Middlewares/ST/STM32_USB_Device_Library/Core/Src/usbd_ioreq.o
 .debug_abbrev  0x000000000000223a      0x1b5 USB_DEVICE/App/usb_device.o
 .debug_abbrev  0x00000000000023ef      0x290 USB_DEVICE/App/usbd_desc.o
 .debug_abbrev  0x000000000000267f      0x2f1 USB_DEVICE/Target/usbd_conf.o

.debug_aranges  0x0000000000000000      0xaa0
 .debug_aranges
                0x0000000000000000       0x40 Core/Src/main.o
 .debug_aranges
                0x0000000000000040       0x30 Core/Src/stm32f0xx_hal_msp.o
 .debug_aranges
                0x0000000000000070       0x48 Core/Src/stm32f0xx_it.o
 .debug_aranges
                0x00000000000000b8       0x28 Core/Src/system_stm32f0xx.o
 .debug_aranges
                0x00000000000000e0       0x28 Core/Startup/startup_stm32f042f6px.o
 .debug_aranges
                0x0000000000000108       0xd0 Drivers/STM32F0xx_HAL_Driver/Src/stm32f0xx_hal.o
 .debug_aranges
                0x00000000000001d8       0xc0 Drivers/STM32F0xx_HAL_Driver/Src/stm32f0xx_hal_cortex.o
 .debug_aranges
                0x0000000000000298       0x58 Drivers/STM32F0xx_HAL_Driver/Src/stm32f0xx_hal_gpio.o
 .debug_aranges
                0x00000000000002f0      0x120 Drivers/STM32F0xx_HAL_Driver/Src/stm32f0xx_hal_pcd.o
 .debug_aranges
                0x0000000000000410       0x58 Drivers/STM32F0xx_HAL_Driver/Src/stm32f0xx_hal_pcd_ex.o
 .debug_aranges
                0x0000000000000468       0x80 Drivers/STM32F0xx_HAL_Driver/Src/stm32f0xx_hal_rcc.o
 .debug_aranges
                0x00000000000004e8       0x78 Drivers/STM32F0xx_HAL_Driver/Src/stm32f0xx_hal_rcc_ex.o
 .debug_aranges
                0x0000000000000560       0xa8 Drivers/STM32F0xx_HAL_Driver/Src/stm32f0xx_hal_tsc.o
 .debug_aranges
                0x0000000000000608      0x108 Drivers/STM32F0xx_HAL_Driver/Src/stm32f0xx_ll_usb.o
 .debug_aranges
                0x0000000000000710       0x68 Middlewares/ST/STM32_USB_Device_Library/Class/HID/Src/usbd_hid.o
 .debug_aranges
                0x0000000000000778       0xb8 Middlewares/ST/STM32_USB_Device_Library/Core/Src/usbd_core.o
 .debug_aranges
                0x0000000000000830       0x88 Middlewares/ST/STM32_USB_Device_Library/Core/Src/usbd_ctlreq.o
 .debug_aranges
                0x00000000000008b8       0x50 Middlewares/ST/STM32_USB_Device_Library/Core/Src/usbd_ioreq.o
 .debug_aranges
                0x0000000000000908       0x20 USB_DEVICE/App/usb_device.o
 .debug_aranges
                0x0000000000000928       0x60 USB_DEVICE/App/usbd_desc.o
 .debug_aranges
                0x0000000000000988      0x118 USB_DEVICE/Target/usbd_conf.o

.debug_ranges   0x0000000000000000      0x958
 .debug_ranges  0x0000000000000000       0x30 Core/Src/main.o
 .debug_ranges  0x0000000000000030       0x20 Core/Src/stm32f0xx_hal_msp.o
 .debug_ranges  0x0000000000000050       0x38 Core/Src/stm32f0xx_it.o
 .debug_ranges  0x0000000000000088       0x18 Core/Src/system_stm32f0xx.o
 .debug_ranges  0x00000000000000a0       0x20 Core/Startup/startup_stm32f042f6px.o
 .debug_ranges  0x00000000000000c0       0xc0 Drivers/STM32F0xx_HAL_Driver/Src/stm32f0xx_hal.o
 .debug_ranges  0x0000000000000180       0xb0 Drivers/STM32F0xx_HAL_Driver/Src/stm32f0xx_hal_cortex.o
 .debug_ranges  0x0000000000000230       0x48 Drivers/STM32F0xx_HAL_Driver/Src/stm32f0xx_hal_gpio.o
 .debug_ranges  0x0000000000000278      0x110 Drivers/STM32F0xx_HAL_Driver/Src/stm32f0xx_hal_pcd.o
 .debug_ranges  0x0000000000000388       0x48 Drivers/STM32F0xx_HAL_Driver/Src/stm32f0xx_hal_pcd_ex.o
 .debug_ranges  0x00000000000003d0       0x70 Drivers/STM32F0xx_HAL_Driver/Src/stm32f0xx_hal_rcc.o
 .debug_ranges  0x0000000000000440       0x68 Drivers/STM32F0xx_HAL_Driver/Src/stm32f0xx_hal_rcc_ex.o
 .debug_ranges  0x00000000000004a8       0x98 Drivers/STM32F0xx_HAL_Driver/Src/stm32f0xx_hal_tsc.o
 .debug_ranges  0x0000000000000540       0xf8 Drivers/STM32F0xx_HAL_Driver/Src/stm32f0xx_ll_usb.o
 .debug_ranges  0x0000000000000638       0x58 Middlewares/ST/STM32_USB_Device_Library/Class/HID/Src/usbd_hid.o
 .debug_ranges  0x0000000000000690       0xa8 Middlewares/ST/STM32_USB_Device_Library/Core/Src/usbd_core.o
 .debug_ranges  0x0000000000000738       0x78 Middlewares/ST/STM32_USB_Device_Library/Core/Src/usbd_ctlreq.o
 .debug_ranges  0x00000000000007b0       0x40 Middlewares/ST/STM32_USB_Device_Library/Core/Src/usbd_ioreq.o
 .debug_ranges  0x00000000000007f0       0x10 USB_DEVICE/App/usb_device.o
 .debug_ranges  0x0000000000000800       0x50 USB_DEVICE/App/usbd_desc.o
 .debug_ranges  0x0000000000000850      0x108 USB_DEVICE/Target/usbd_conf.o

.debug_macro    0x0000000000000000    0x17175
 .debug_macro   0x0000000000000000      0x3aa Core/Src/main.o
 .debug_macro   0x00000000000003aa      0xa48 Core/Src/main.o
 .debug_macro   0x0000000000000df2      0x133 Core/Src/main.o
 .debug_macro   0x0000000000000f25       0x2e Core/Src/main.o
 .debug_macro   0x0000000000000f53       0x22 Core/Src/main.o
 .debug_macro   0x0000000000000f75       0x22 Core/Src/main.o
 .debug_macro   0x0000000000000f97       0x8e Core/Src/main.o
 .debug_macro   0x0000000000001025       0x51 Core/Src/main.o
 .debug_macro   0x0000000000001076       0xef Core/Src/main.o
 .debug_macro   0x0000000000001165       0x6a Core/Src/main.o
 .debug_macro   0x00000000000011cf      0x1df Core/Src/main.o
 .debug_macro   0x00000000000013ae       0x1c Core/Src/main.o
 .debug_macro   0x00000000000013ca       0x22 Core/Src/main.o
 .debug_macro   0x00000000000013ec       0xb5 Core/Src/main.o
 .debug_macro   0x00000000000014a1      0x391 Core/Src/main.o
 .debug_macro   0x0000000000001832     0xf1e6 Core/Src/main.o
 .debug_macro   0x0000000000010a18       0x3c Core/Src/main.o
 .debug_macro   0x0000000000010a54      0x174 Core/Src/main.o
 .debug_macro   0x0000000000010bc8       0x53 Core/Src/main.o
 .debug_macro   0x0000000000010c1b      0x946 Core/Src/main.o
 .debug_macro   0x0000000000011561      0x46b Core/Src/main.o
 .debug_macro   0x00000000000119cc      0x12f Core/Src/main.o
 .debug_macro   0x0000000000011afb      0x130 Core/Src/main.o
 .debug_macro   0x0000000000011c2b      0x199 Core/Src/main.o
 .debug_macro   0x0000000000011dc4      0x1ed Core/Src/main.o
 .debug_macro   0x0000000000011fb1       0x34 Core/Src/main.o
 .debug_macro   0x0000000000011fe5       0x43 Core/Src/main.o
 .debug_macro   0x0000000000012028       0x28 Core/Src/main.o
 .debug_macro   0x0000000000012050       0xb0 Core/Src/main.o
 .debug_macro   0x0000000000012100      0x182 Core/Src/main.o
 .debug_macro   0x0000000000012282      0x22c Core/Src/main.o
 .debug_macro   0x00000000000124ae       0x5f Core/Src/main.o
 .debug_macro   0x000000000001250d       0xa5 Core/Src/main.o
 .debug_macro   0x00000000000125b2       0x65 Core/Src/main.o
 .debug_macro   0x0000000000012617      0x234 Core/Src/main.o
 .debug_macro   0x000000000001284b       0x4c Core/Src/main.o
 .debug_macro   0x0000000000012897      0x15b Core/Src/main.o
 .debug_macro   0x00000000000129f2      0x3d0 Core/Src/main.o
 .debug_macro   0x0000000000012dc2      0x12e Core/Src/main.o
 .debug_macro   0x0000000000012ef0       0x46 Core/Src/main.o
 .debug_macro   0x0000000000012f36       0x18 Core/Src/main.o
 .debug_macro   0x0000000000012f4e       0x3c Core/Src/main.o
 .debug_macro   0x0000000000012f8a       0x34 Core/Src/main.o
 .debug_macro   0x0000000000012fbe       0x16 Core/Src/main.o
 .debug_macro   0x0000000000012fd4       0x35 Core/Src/main.o
 .debug_macro   0x0000000000013009      0x32a Core/Src/main.o
 .debug_macro   0x0000000000013333       0x10 Core/Src/main.o
 .debug_macro   0x0000000000013343       0x52 Core/Src/main.o
 .debug_macro   0x0000000000013395       0x1f Core/Src/main.o
 .debug_macro   0x00000000000133b4       0x43 Core/Src/main.o
 .debug_macro   0x00000000000133f7       0x20 Core/Src/main.o
 .debug_macro   0x0000000000013417      0x1a3 Core/Src/main.o
 .debug_macro   0x00000000000135ba       0x10 Core/Src/main.o
 .debug_macro   0x00000000000135ca       0x1c Core/Src/main.o
 .debug_macro   0x00000000000135e6       0x52 Core/Src/main.o
 .debug_macro   0x0000000000013638       0x40 Core/Src/main.o
 .debug_macro   0x0000000000013678       0x10 Core/Src/main.o
 .debug_macro   0x0000000000013688       0x40 Core/Src/main.o
 .debug_macro   0x00000000000136c8       0xd7 Core/Src/main.o
 .debug_macro   0x000000000001379f       0x1c Core/Src/main.o
 .debug_macro   0x00000000000137bb       0x3d Core/Src/main.o
 .debug_macro   0x00000000000137f8       0x16 Core/Src/main.o
 .debug_macro   0x000000000001380e      0x145 Core/Src/main.o
 .debug_macro   0x0000000000013953       0x16 Core/Src/main.o
 .debug_macro   0x0000000000013969       0x16 Core/Src/main.o
 .debug_macro   0x000000000001397f       0x29 Core/Src/main.o
 .debug_macro   0x00000000000139a8       0x16 Core/Src/main.o
 .debug_macro   0x00000000000139be       0x20 Core/Src/main.o
 .debug_macro   0x00000000000139de       0x5f Core/Src/main.o
 .debug_macro   0x0000000000013a3d      0x1c8 Core/Src/main.o
 .debug_macro   0x0000000000013c05      0x1c8 Core/Src/stm32f0xx_hal_msp.o
 .debug_macro   0x0000000000013dcd      0x1d2 Core/Src/stm32f0xx_it.o
 .debug_macro   0x0000000000013f9f      0x1be Core/Src/system_stm32f0xx.o
 .debug_macro   0x000000000001415d      0x1e2 Drivers/STM32F0xx_HAL_Driver/Src/stm32f0xx_hal.o
 .debug_macro   0x000000000001433f      0x1be Drivers/STM32F0xx_HAL_Driver/Src/stm32f0xx_hal_cortex.o
 .debug_macro   0x00000000000144fd      0x1f6 Drivers/STM32F0xx_HAL_Driver/Src/stm32f0xx_hal_gpio.o
 .debug_macro   0x00000000000146f3      0x1ca Drivers/STM32F0xx_HAL_Driver/Src/stm32f0xx_hal_pcd.o
 .debug_macro   0x00000000000148bd      0x1be Drivers/STM32F0xx_HAL_Driver/Src/stm32f0xx_hal_pcd_ex.o
 .debug_macro   0x0000000000014a7b      0x1d0 Drivers/STM32F0xx_HAL_Driver/Src/stm32f0xx_hal_rcc.o
 .debug_macro   0x0000000000014c4b      0x1d0 Drivers/STM32F0xx_HAL_Driver/Src/stm32f0xx_hal_rcc_ex.o
 .debug_macro   0x0000000000014e1b      0x1bf Drivers/STM32F0xx_HAL_Driver/Src/stm32f0xx_hal_tsc.o
 .debug_macro   0x0000000000014fda      0x1be Drivers/STM32F0xx_HAL_Driver/Src/stm32f0xx_ll_usb.o
 .debug_macro   0x0000000000015198      0x3d5 Middlewares/ST/STM32_USB_Device_Library/Class/HID/Src/usbd_hid.o
 .debug_macro   0x000000000001556d       0x97 Middlewares/ST/STM32_USB_Device_Library/Class/HID/Src/usbd_hid.o
 .debug_macro   0x0000000000015604       0xfd Middlewares/ST/STM32_USB_Device_Library/Class/HID/Src/usbd_hid.o
 .debug_macro   0x0000000000015701       0xaf Middlewares/ST/STM32_USB_Device_Library/Class/HID/Src/usbd_hid.o
 .debug_macro   0x00000000000157b0       0x4d Middlewares/ST/STM32_USB_Device_Library/Class/HID/Src/usbd_hid.o
 .debug_macro   0x00000000000157fd       0x5e Middlewares/ST/STM32_USB_Device_Library/Class/HID/Src/usbd_hid.o
 .debug_macro   0x000000000001585b      0x3bc Middlewares/ST/STM32_USB_Device_Library/Core/Src/usbd_core.o
 .debug_macro   0x0000000000015c17      0x1ce Middlewares/ST/STM32_USB_Device_Library/Core/Src/usbd_core.o
 .debug_macro   0x0000000000015de5      0x3c6 Middlewares/ST/STM32_USB_Device_Library/Core/Src/usbd_ctlreq.o
 .debug_macro   0x00000000000161ab      0x3c2 Middlewares/ST/STM32_USB_Device_Library/Core/Src/usbd_ioreq.o
 .debug_macro   0x000000000001656d      0x3f2 USB_DEVICE/App/usb_device.o
 .debug_macro   0x000000000001695f       0x22 USB_DEVICE/App/usb_device.o
 .debug_macro   0x0000000000016981      0x3f9 USB_DEVICE/App/usbd_desc.o
 .debug_macro   0x0000000000016d7a       0x1c USB_DEVICE/App/usbd_desc.o
 .debug_macro   0x0000000000016d96      0x3df USB_DEVICE/Target/usbd_conf.o

.debug_line     0x0000000000000000     0xbdaa
 .debug_line    0x0000000000000000      0xa77 Core/Src/main.o
 .debug_line    0x0000000000000a77      0x6d0 Core/Src/stm32f0xx_hal_msp.o
 .debug_line    0x0000000000001147      0x6fc Core/Src/stm32f0xx_it.o
 .debug_line    0x0000000000001843      0x6b9 Core/Src/system_stm32f0xx.o
 .debug_line    0x0000000000001efc       0x9b Core/Startup/startup_stm32f042f6px.o
 .debug_line    0x0000000000001f97      0x84c Drivers/STM32F0xx_HAL_Driver/Src/stm32f0xx_hal.o
 .debug_line    0x00000000000027e3      0x864 Drivers/STM32F0xx_HAL_Driver/Src/stm32f0xx_hal_cortex.o
 .debug_line    0x0000000000003047      0x7fe Drivers/STM32F0xx_HAL_Driver/Src/stm32f0xx_hal_gpio.o
 .debug_line    0x0000000000003845      0xb42 Drivers/STM32F0xx_HAL_Driver/Src/stm32f0xx_hal_pcd.o
 .debug_line    0x0000000000004387      0x75d Drivers/STM32F0xx_HAL_Driver/Src/stm32f0xx_hal_pcd_ex.o
 .debug_line    0x0000000000004ae4      0x939 Drivers/STM32F0xx_HAL_Driver/Src/stm32f0xx_hal_rcc.o
 .debug_line    0x000000000000541d      0x8bc Drivers/STM32F0xx_HAL_Driver/Src/stm32f0xx_hal_rcc_ex.o
 .debug_line    0x0000000000005cd9      0x923 Drivers/STM32F0xx_HAL_Driver/Src/stm32f0xx_hal_tsc.o
 .debug_line    0x00000000000065fc      0xb7b Drivers/STM32F0xx_HAL_Driver/Src/stm32f0xx_ll_usb.o
 .debug_line    0x0000000000007177      0xab4 Middlewares/ST/STM32_USB_Device_Library/Class/HID/Src/usbd_hid.o
 .debug_line    0x0000000000007c2b      0xb88 Middlewares/ST/STM32_USB_Device_Library/Core/Src/usbd_core.o
 .debug_line    0x00000000000087b3      0xc0f Middlewares/ST/STM32_USB_Device_Library/Core/Src/usbd_ctlreq.o
 .debug_line    0x00000000000093c2      0x9f1 Middlewares/ST/STM32_USB_Device_Library/Core/Src/usbd_ioreq.o
 .debug_line    0x0000000000009db3      0x9c0 USB_DEVICE/App/usb_device.o
 .debug_line    0x000000000000a773      0xa25 USB_DEVICE/App/usbd_desc.o
 .debug_line    0x000000000000b198      0xc12 USB_DEVICE/Target/usbd_conf.o

.debug_str      0x0000000000000000    0x7440a
 .debug_str     0x0000000000000000    0x717d3 Core/Src/main.o
                                      0x71a97 (size before relaxing)
 .debug_str     0x00000000000717d3       0x73 Core/Src/stm32f0xx_hal_msp.o
                                      0x6cc12 (size before relaxing)
 .debug_str     0x0000000000071846      0x382 Core/Src/stm32f0xx_it.o
                                      0x6cca2 (size before relaxing)
 .debug_str     0x0000000000071bc8       0x5f Core/Src/system_stm32f0xx.o
                                      0x6c930 (size before relaxing)
 .debug_str     0x0000000000071c27       0x36 Core/Startup/startup_stm32f042f6px.o
                                         0x77 (size before relaxing)
 .debug_str     0x0000000000071c5d      0x4c4 Drivers/STM32F0xx_HAL_Driver/Src/stm32f0xx_hal.o
                                      0x6ce5a (size before relaxing)
 .debug_str     0x0000000000072121      0x1ee Drivers/STM32F0xx_HAL_Driver/Src/stm32f0xx_hal_cortex.o
                                      0x6cd0e (size before relaxing)
 .debug_str     0x000000000007230f      0x1f7 Drivers/STM32F0xx_HAL_Driver/Src/stm32f0xx_hal_gpio.o
                                      0x6cbcc (size before relaxing)
 .debug_str     0x0000000000072506      0x3c3 Drivers/STM32F0xx_HAL_Driver/Src/stm32f0xx_hal_pcd.o
                                      0x6d017 (size before relaxing)
 .debug_str     0x00000000000728c9      0x1c6 Drivers/STM32F0xx_HAL_Driver/Src/stm32f0xx_hal_pcd_ex.o
                                      0x6ce40 (size before relaxing)
 .debug_str     0x0000000000072a8f      0x254 Drivers/STM32F0xx_HAL_Driver/Src/stm32f0xx_hal_rcc.o
                                      0x6cd45 (size before relaxing)
 .debug_str     0x0000000000072ce3      0x2e3 Drivers/STM32F0xx_HAL_Driver/Src/stm32f0xx_hal_rcc_ex.o
                                      0x6cd0d (size before relaxing)
 .debug_str     0x0000000000072fc6      0x1cb Drivers/STM32F0xx_HAL_Driver/Src/stm32f0xx_hal_tsc.o
                                      0x6cd7c (size before relaxing)
 .debug_str     0x0000000000073191      0x30f Drivers/STM32F0xx_HAL_Driver/Src/stm32f0xx_ll_usb.o
                                      0x6ce26 (size before relaxing)
 .debug_str     0x00000000000734a0      0x749 Middlewares/ST/STM32_USB_Device_Library/Class/HID/Src/usbd_hid.o
                                      0x71c0e (size before relaxing)
 .debug_str     0x0000000000073be9      0x1a2 Middlewares/ST/STM32_USB_Device_Library/Core/Src/usbd_core.o
                                      0x71a17 (size before relaxing)
 .debug_str     0x0000000000073d8b      0x12f Middlewares/ST/STM32_USB_Device_Library/Core/Src/usbd_ctlreq.o
                                      0x7199d (size before relaxing)
 .debug_str     0x0000000000073eba       0xc9 Middlewares/ST/STM32_USB_Device_Library/Core/Src/usbd_ioreq.o
                                      0x71925 (size before relaxing)
 .debug_str     0x0000000000073f83       0xc2 USB_DEVICE/App/usb_device.o
                                      0x71a91 (size before relaxing)
 .debug_str     0x0000000000074045      0x258 USB_DEVICE/App/usbd_desc.o
                                      0x71890 (size before relaxing)
 .debug_str     0x000000000007429d      0x16d USB_DEVICE/Target/usbd_conf.o
                                      0x722a9 (size before relaxing)

.comment        0x0000000000000000       0x7b
 .comment       0x0000000000000000       0x7b Core/Src/main.o
                                         0x7c (size before relaxing)
 .comment       0x000000000000007b       0x7c Core/Src/stm32f0xx_hal_msp.o
 .comment       0x000000000000007b       0x7c Core/Src/stm32f0xx_it.o
 .comment       0x000000000000007b       0x7c Core/Src/system_stm32f0xx.o
 .comment       0x000000000000007b       0x7c Drivers/STM32F0xx_HAL_Driver/Src/stm32f0xx_hal.o
 .comment       0x000000000000007b       0x7c Drivers/STM32F0xx_HAL_Driver/Src/stm32f0xx_hal_cortex.o
 .comment       0x000000000000007b       0x7c Drivers/STM32F0xx_HAL_Driver/Src/stm32f0xx_hal_gpio.o
 .comment       0x000000000000007b       0x7c Drivers/STM32F0xx_HAL_Driver/Src/stm32f0xx_hal_pcd.o
 .comment       0x000000000000007b       0x7c Drivers/STM32F0xx_HAL_Driver/Src/stm32f0xx_hal_pcd_ex.o
 .comment       0x000000000000007b       0x7c Drivers/STM32F0xx_HAL_Driver/Src/stm32f0xx_hal_rcc.o
 .comment       0x000000000000007b       0x7c Drivers/STM32F0xx_HAL_Driver/Src/stm32f0xx_hal_rcc_ex.o
 .comment       0x000000000000007b       0x7c Drivers/STM32F0xx_HAL_Driver/Src/stm32f0xx_hal_tsc.o
 .comment       0x000000000000007b       0x7c Drivers/STM32F0xx_HAL_Driver/Src/stm32f0xx_ll_usb.o
 .comment       0x000000000000007b       0x7c Middlewares/ST/STM32_USB_Device_Library/Class/HID/Src/usbd_hid.o
 .comment       0x000000000000007b       0x7c Middlewares/ST/STM32_USB_Device_Library/Core/Src/usbd_core.o
 .comment       0x000000000000007b       0x7c Middlewares/ST/STM32_USB_Device_Library/Core/Src/usbd_ctlreq.o
 .comment       0x000000000000007b       0x7c Middlewares/ST/STM32_USB_Device_Library/Core/Src/usbd_ioreq.o
 .comment       0x000000000000007b       0x7c USB_DEVICE/App/usb_device.o
 .comment       0x000000000000007b       0x7c USB_DEVICE/App/usbd_desc.o
 .comment       0x000000000000007b       0x7c USB_DEVICE/Target/usbd_conf.o

.debug_frame    0x0000000000000000     0x23a0
 .debug_frame   0x0000000000000000       0xa8 Core/Src/main.o
 .debug_frame   0x00000000000000a8       0x70 Core/Src/stm32f0xx_hal_msp.o
 .debug_frame   0x0000000000000118       0xb8 Core/Src/stm32f0xx_it.o
 .debug_frame   0x00000000000001d0       0x4c Core/Src/system_stm32f0xx.o
 .debug_frame   0x000000000000021c      0x2a4 Drivers/STM32F0xx_HAL_Driver/Src/stm32f0xx_hal.o
 .debug_frame   0x00000000000004c0      0x2a0 Drivers/STM32F0xx_HAL_Driver/Src/stm32f0xx_hal_cortex.o
 .debug_frame   0x0000000000000760      0x110 Drivers/STM32F0xx_HAL_Driver/Src/stm32f0xx_hal_gpio.o
 .debug_frame   0x0000000000000870      0x434 Drivers/STM32F0xx_HAL_Driver/Src/stm32f0xx_hal_pcd.o
 .debug_frame   0x0000000000000ca4      0x110 Drivers/STM32F0xx_HAL_Driver/Src/stm32f0xx_hal_pcd_ex.o
 .debug_frame   0x0000000000000db4      0x198 Drivers/STM32F0xx_HAL_Driver/Src/stm32f0xx_hal_rcc.o
 .debug_frame   0x0000000000000f4c      0x180 Drivers/STM32F0xx_HAL_Driver/Src/stm32f0xx_hal_rcc_ex.o
 .debug_frame   0x00000000000010cc      0x250 Drivers/STM32F0xx_HAL_Driver/Src/stm32f0xx_hal_tsc.o
 .debug_frame   0x000000000000131c      0x3e0 Drivers/STM32F0xx_HAL_Driver/Src/stm32f0xx_ll_usb.o
 .debug_frame   0x00000000000016fc      0x150 Middlewares/ST/STM32_USB_Device_Library/Class/HID/Src/usbd_hid.o
 .debug_frame   0x000000000000184c      0x290 Middlewares/ST/STM32_USB_Device_Library/Core/Src/usbd_core.o
 .debug_frame   0x0000000000001adc      0x1d4 Middlewares/ST/STM32_USB_Device_Library/Core/Src/usbd_ctlreq.o
 .debug_frame   0x0000000000001cb0       0xf0 Middlewares/ST/STM32_USB_Device_Library/Core/Src/usbd_ioreq.o
 .debug_frame   0x0000000000001da0       0x2c USB_DEVICE/App/usb_device.o
 .debug_frame   0x0000000000001dcc      0x130 USB_DEVICE/App/usbd_desc.o
 .debug_frame   0x0000000000001efc      0x438 USB_DEVICE/Target/usbd_conf.o
 .debug_frame   0x0000000000002334       0x2c c:/st/stm32cubeide_1.4.0/stm32cubeide/plugins/com.st.stm32cube.ide.mcu.externaltools.gnu-tools-for-stm32.7-2018-q2-update.win32_1.4.0.202007081208/tools/bin/../lib/gcc/arm-none-eabi/7.3.1/../../../../arm-none-eabi/lib/thumb/v6-m\libc_nano.a(lib_a-init.o)
 .debug_frame   0x0000000000002360       0x20 c:/st/stm32cubeide_1.4.0/stm32cubeide/plugins/com.st.stm32cube.ide.mcu.externaltools.gnu-tools-for-stm32.7-2018-q2-update.win32_1.4.0.202007081208/tools/bin/../lib/gcc/arm-none-eabi/7.3.1/../../../../arm-none-eabi/lib/thumb/v6-m\libc_nano.a(lib_a-memset.o)
 .debug_frame   0x0000000000002380       0x20 c:/st/stm32cubeide_1.4.0/stm32cubeide/plugins/com.st.stm32cube.ide.mcu.externaltools.gnu-tools-for-stm32.7-2018-q2-update.win32_1.4.0.202007081208/tools/bin/../lib/gcc/arm-none-eabi/7.3.1/thumb/v6-m\libgcc.a(_udivsi3.o)
